::1 - - [19/Mar/2026 22:10:50] "GET / HTTP/1.1" 200 -
::1 - - [19/Mar/2026 22:10:50] code 404, message File not found
::1 - - [19/Mar/2026 22:10:50] "GET /favicon.ico HTTP/1.1" 404 -
::1 - - [19/Mar/2026 22:10:50] "GET /stations.json HTTP/1.1" 200 -
::1 - - [19/Mar/2026 22:13:27] "GET / HTTP/1.1" 200 -
::1 - - [19/Mar/2026 22:13:27] "GET /stations.json HTTP/1.1" 304 -
::1 - - [19/Mar/2026 22:21:46] "GET / HTTP/1.1" 200 -
::1 - - [19/Mar/2026 22:21:46] code 404, message File not found
::1 - - [19/Mar/2026 22:21:46] "GET /favicon.ico HTTP/1.1" 404 -
::1 - - [19/Mar/2026 22:21:46] "GET /stations.json HTTP/1.1" 200 -
::1 - - [19/Mar/2026 22:24:40] "GET / HTTP/1.1" 200 -
::1 - - [19/Mar/2026 22:24:40] "GET /stations.json HTTP/1.1" 200 -
::1 - - [19/Mar/2026 22:24:40] code 404, message File not found
::1 - - [19/Mar/2026 22:24:40] "GET /favicon.ico HTTP/1.1" 404 -
::1 - - [19/Mar/2026 22:27:58] "GET / HTTP/1.1" 304 -
::1 - - [19/Mar/2026 22:27:58] code 404, message File not found
::1 - - [19/Mar/2026 22:27:58] "GET /favicon.ico HTTP/1.1" 404 -
::1 - - [19/Mar/2026 22:27:59] "GET /stations.json HTTP/1.1" 304 -
::1 - - [19/Mar/2026 22:31:33] "GET / HTTP/1.1" 200 -
::1 - - [19/Mar/2026 22:31:33] "GET /stations.json HTTP/1.1" 304 -
::1 - - [19/Mar/2026 22:34:03] "GET / HTTP/1.1" 304 -
::1 - - [19/Mar/2026 22:34:04] "GET /stations.json HTTP/1.1" 304 -
::1 - - [19/Mar/2026 22:35:17] "GET / HTTP/1.1" 304 -
::1 - - [19/Mar/2026 22:37:29] "GET / HTTP/1.1" 200 -
::1 - - [19/Mar/2026 22:37:29] "GET /stations.json HTTP/1.1" 304 -
::1 - - [19/Mar/2026 22:40:53] "GET / HTTP/1.1" 200 -
::1 - - [19/Mar/2026 22:40:53] "GET /stations.json HTTP/1.1" 304 -
::1 - - [19/Mar/2026 22:41:17] code 404, message File not found
::1 - - [19/Mar/2026 22:41:17] "GET /agnks_map/23/ust_labinsk/ HTTP/1.1" 404 -
::1 - - [19/Mar/2026 22:41:21] code 404, message File not found
::1 - - [19/Mar/2026 22:41:21] "GET /agnks_map/23/ust_labinsk/ HTTP/1.1" 404 -
::1 - - [19/Mar/2026 22:42:02] "GET / HTTP/1.1" 304 -
::1 - - [19/Mar/2026 22:42:02] code 404, message File not found
::1 - - [19/Mar/2026 22:42:02] "GET /favicon.ico HTTP/1.1" 404 -
::1 - - [19/Mar/2026 22:45:10] "GET / HTTP/1.1" 200 -
::1 - - [19/Mar/2026 22:45:10] "GET /stations.json HTTP/1.1" 304 -
::1 - - [19/Mar/2026 22:48:56] "GET / HTTP/1.1" 200 -
::1 - - [19/Mar/2026 22:48:56] "GET /stations.json HTTP/1.1" 304 -
::1 - - [19/Mar/2026 22:49:01] "GET / HTTP/1.1" 304 -
::1 - - [19/Mar/2026 22:51:40] "GET / HTTP/1.1" 200 -
::1 - - [19/Mar/2026 22:51:41] "GET / HTTP/1.1" 304 -
::1 - - [19/Mar/2026 22:58:08] "GET / HTTP/1.1" 200 -
::1 - - [19/Mar/2026 22:58:08] "GET /stations.json HTTP/1.1" 304 -
::1 - - [19/Mar/2026 22:58:09] "GET / HTTP/1.1" 304 -
::1 - - [19/Mar/2026 23:00:48] "GET / HTTP/1.1" 200 -
::1 - - [19/Mar/2026 23:00:50] "GET / HTTP/1.1" 304 -
::1 - - [19/Mar/2026 23:02:58] "GET / HTTP/1.1" 200 -
::1 - - [19/Mar/2026 23:02:59] "GET /stations.json HTTP/1.1" 304 -
::1 - - [19/Mar/2026 23:02:59] "GET / HTTP/1.1" 304 -
::1 - - [19/Mar/2026 23:03:52] "GET / HTTP/1.1" 200 -
::1 - - [19/Mar/2026 23:05:20] "GET / HTTP/1.1" 200 -
::1 - - [19/Mar/2026 23:07:07] "GET / HTTP/1.1" 200 -
::1 - - [19/Mar/2026 23:09:22] "GET / HTTP/1.1" 200 -
::1 - - [19/Mar/2026 23:09:22] "GET /stations.json HTTP/1.1" 304 -
::1 - - [19/Mar/2026 23:26:11] "GET / HTTP/1.1" 200 -
::1 - - [19/Mar/2026 23:26:12] code 404, message File not found
::1 - - [19/Mar/2026 23:26:12] "GET /favicon.ico HTTP/1.1" 404 -
::1 - - [19/Mar/2026 23:26:12] "GET /stations.json HTTP/1.1" 304 -
::1 - - [19/Mar/2026 23:31:43] "GET / HTTP/1.1" 304 -
::1 - - [19/Mar/2026 23:31:44] code 404, message File not found
::1 - - [19/Mar/2026 23:31:44] "GET /favicon.ico HTTP/1.1" 404 -
::1 - - [19/Mar/2026 23:33:00] "GET / HTTP/1.1" 304 -
::1 - - [19/Mar/2026 23:33:00] "GET /stations.json HTTP/1.1" 304 -
::1 - - [19/Mar/2026 23:37:12] "GET / HTTP/1.1" 200 -
::1 - - [19/Mar/2026 23:37:12] "GET /stations.js HTTP/1.1" 200 -
::1 - - [19/Mar/2026 23:40:22] "GET / HTTP/1.1" 200 -
::1 - - [19/Mar/2026 23:40:22] "GET /stations.js HTTP/1.1" 200 -
::1 - - [19/Mar/2026 23:40:22] code 404, message File not found
::1 - - [19/Mar/2026 23:40:22] "GET /favicon.ico HTTP/1.1" 404 -
::1 - - [19/Mar/2026 23:42:15] "GET / HTTP/1.1" 200 -
::1 - - [19/Mar/2026 23:42:15] "GET /stations.js HTTP/1.1" 304 -
::1 - - [19/Mar/2026 23:44:05] "GET / HTTP/1.1" 200 -
::1 - - [19/Mar/2026 23:44:05] "GET /stations.js HTTP/1.1" 304 -
::1 - - [19/Mar/2026 23:44:46] "GET / HTTP/1.1" 200 -
::1 - - [19/Mar/2026 23:44:46] "GET /stations.js HTTP/1.1" 304 -
::1 - - [19/Mar/2026 23:44:46] code 404, message File not found
::1 - - [19/Mar/2026 23:44:46] "GET /favicon.ico HTTP/1.1" 404 -
::1 - - [19/Mar/2026 23:46:37] "GET / HTTP/1.1" 200 -
::1 - - [19/Mar/2026 23:46:37] "GET /stations.js HTTP/1.1" 304 -
::1 - - [19/Mar/2026 23:49:02] "GET / HTTP/1.1" 304 -
::1 - - [19/Mar/2026 23:49:02] "GET /stations.js HTTP/1.1" 304 -
::1 - - [19/Mar/2026 23:49:36] "GET / HTTP/1.1" 304 -
::1 - - [19/Mar/2026 23:50:41] "GET / HTTP/1.1" 304 -
::1 - - [19/Mar/2026 23:50:41] "GET /stations.js HTTP/1.1" 304 -
::1 - - [19/Mar/2026 23:51:13] "GET / HTTP/1.1" 200 -
::1 - - [19/Mar/2026 23:53:53] "GET / HTTP/1.1" 200 -
::1 - - [19/Mar/2026 23:53:53] "GET /stations.js HTTP/1.1" 304 -
::1 - - [19/Mar/2026 23:56:54] "GET / HTTP/1.1" 200 -
::1 - - [19/Mar/2026 23:56:54] "GET /stations.js HTTP/1.1" 304 -
